[22:30:34] [c2ec1b13] [INFO] [API_GATEWAY] Incoming GET /api/config
[22:30:35] [8571077a] [INFO] [API_GATEWAY] Incoming GET /api/vehicles
[22:30:42] [241d7ed7] [INFO] [API_GATEWAY] Incoming GET /api/places/autocomplete?query=Hyd
[22:30:43] [25e598bf] [INFO] [API_GATEWAY] Incoming GET /api/places/details?placeId=ChIJx9Lr6tqZyzsRwvu6koO3k64
[22:30:46] [a839faa9] [INFO] [API_GATEWAY] Incoming GET /api/places/autocomplete?query=Viz
[22:30:46] [e031bcba] [INFO] [API_GATEWAY] Incoming GET /api/places/autocomplete?query=Viza
[22:30:47] [b7d7bc10] [INFO] [API_GATEWAY] Incoming GET /api/places/details?placeId=ChIJP5fmiRNDOToRaIRJlQPC2ZI
[22:30:55] [cdc94917] [INFO] [API_GATEWAY] Incoming POST /api/plan-route
[22:30:55] [cdc94917] [INFO] [ROUTE_PLAN] Route Request: Hyderabad -> Vizag
[22:30:56] [SYSTEM] [INFO] [AGGREGATOR] Analyzing 11 sectors (7-Day Cache Rule)...
[22:30:56] [SYSTEM] [DEBUG] [AGGREGATOR] Checking Freshness Sector 17.4065,78.47721
[22:30:56] [SYSTEM] [DEBUG] [AGGREGATOR] Checking Freshness Sector 17.23116,78.96614
[22:30:56] [SYSTEM] [DEBUG] [FETCHER_OCM] Fetching OCM Radius 50km at 17.23116,78.96614
[22:30:57] [SYSTEM] [INFO] [GOOGLE_FILTER] Google valid stations: 20
[22:30:57] [SYSTEM] [DEBUG] [FETCHER_GOOGLE] [Google Sniper] Discovered 20 candidates
[22:30:58] [SYSTEM] [DEBUG] [MERGER] Merge Inputs: Google(20), OCM(0), Gov(2), Rapid(0)
[22:30:58] [SYSTEM] [INFO] [MERGER] Merge Complete. Created 22 Golden Records.
[22:30:58] [SYSTEM] [INFO] [AGGREGATOR] Sector 17.23,78.97 - Saved 22 stations.
[22:30:58] [SYSTEM] [DEBUG] [AGGREGATOR] Checking Freshness Sector 17.15758,79.45009
[22:30:58] [SYSTEM] [DEBUG] [AGGREGATOR] Checking Freshness Sector 17.01,79.9054
[22:30:58] [SYSTEM] [DEBUG] [AGGREGATOR] Checking Freshness Sector 16.75398,80.29737
[22:30:58] [SYSTEM] [DEBUG] [FETCHER_OCM] Fetching OCM Radius 50km at 16.75398,80.29737
[22:30:58] [SYSTEM] [INFO] [GOOGLE_FILTER] Google valid stations: 20
[22:30:58] [SYSTEM] [DEBUG] [FETCHER_GOOGLE] [Google Sniper] Discovered 20 candidates
[22:30:59] [SYSTEM] [DEBUG] [MERGER] Merge Inputs: Google(20), OCM(0), Gov(2), Rapid(0)
[22:30:59] [SYSTEM] [INFO] [MERGER] Merge Complete. Created 22 Golden Records.
[22:30:59] [SYSTEM] [INFO] [AGGREGATOR] Sector 16.75,80.30 - Saved 22 stations.
[22:30:59] [SYSTEM] [DEBUG] [AGGREGATOR] Checking Freshness Sector 16.5746,80.76525
[22:30:59] [SYSTEM] [DEBUG] [AGGREGATOR] Checking Freshness Sector 16.76346,81.20613
[22:30:59] [SYSTEM] [DEBUG] [AGGREGATOR] Checking Freshness Sector 17.05483,81.58381
[22:30:59] [SYSTEM] [DEBUG] [AGGREGATOR] Checking Freshness Sector 17.17305,82.0567
[22:30:59] [SYSTEM] [DEBUG] [FETCHER_OCM] Fetching OCM Radius 50km at 17.17305,82.0567
[22:30:59] [SYSTEM] [INFO] [GOOGLE_FILTER] Google valid stations: 17
[22:30:59] [SYSTEM] [DEBUG] [FETCHER_GOOGLE] [Google Sniper] Discovered 17 candidates
[22:31:00] [SYSTEM] [DEBUG] [MERGER] Merge Inputs: Google(17), OCM(0), Gov(0), Rapid(0)
[22:31:00] [SYSTEM] [INFO] [MERGER] Merge Complete. Created 16 Golden Records.
[22:31:00] [SYSTEM] [INFO] [AGGREGATOR] Sector 17.17,82.06 - Saved 16 stations.
[22:31:00] [SYSTEM] [DEBUG] [AGGREGATOR] Checking Freshness Sector 17.34287,82.51538
[22:31:00] [SYSTEM] [DEBUG] [FETCHER_OCM] Fetching OCM Radius 50km at 17.34287,82.51538
[22:31:00] [SYSTEM] [INFO] [GOOGLE_FILTER] Google valid stations: 15
[22:31:00] [SYSTEM] [DEBUG] [FETCHER_GOOGLE] [Google Sniper] Discovered 15 candidates
[22:31:00] [SYSTEM] [DEBUG] [MERGER] Merge Inputs: Google(15), OCM(0), Gov(0), Rapid(0)
[22:31:00] [SYSTEM] [INFO] [MERGER] Merge Complete. Created 15 Golden Records.
[22:31:00] [SYSTEM] [DEBUG] [OSM] Attempt 1: Fetching from overpass.kumi.systems...
[22:31:05] [SYSTEM] [INFO] [OSM] ✅ Success: Found 4 amenities.
[22:31:05] [SYSTEM] [INFO] [AGGREGATOR] Sector 17.34,82.52 - Saved 15 stations.
[22:31:05] [SYSTEM] [DEBUG] [AGGREGATOR] Checking Freshness Sector 17.6277,82.88813
[22:31:05] [SYSTEM] [INFO] [AGGREGATOR] Scan Complete. Fetched: 4 | Cached: 7
[22:31:05] [cdc94917] [DEBUG] [ROUTE_PLAN] Calculating FAST & SLOW routes...
[22:31:05] [SYSTEM] [INFO] [ROUTER] [Router] STARTING SIMULATION (v10.7) - Strategy: FAST
[22:31:05] [SYSTEM] [DEBUG] [ROUTER] Scanning at 153km ahead...
[22:31:05] [SYSTEM] [INFO] [ROUTER] [Router] STARTING SIMULATION (v10.7) - Strategy: SLOW
[22:31:05] [SYSTEM] [DEBUG] [ROUTER] Scanning at 102km ahead...
[22:31:05] [SYSTEM] [DEBUG] [ROUTER] ❌ Failed: 5km Search
[22:31:05] [SYSTEM] [DEBUG] [ROUTER] ❌ Failed: 10km Search
[22:31:05] [SYSTEM] [DEBUG] [ROUTER] ❌ Failed: 5km Search
[22:31:05] [SYSTEM] [DEBUG] [ROUTER] Scanning at 306km ahead...
[22:31:05] [SYSTEM] [DEBUG] [ROUTER] ✅ Reached Destination (Est: 37.9%)
[22:31:05] [SYSTEM] [INFO] [ROUTER] ✅ [Router] Complete. Total Stops: 4.
[22:31:05] [SYSTEM] [DEBUG] [ROUTER] ❌ Failed: 10km Search
[22:31:05] [SYSTEM] [DEBUG] [ROUTER] Scanning at 255km ahead...
[22:31:05] [SYSTEM] [DEBUG] [ROUTER] Scanning at 255km ahead...
[22:31:05] [SYSTEM] [DEBUG] [ROUTER] ✅ Reached Destination (Est: 79.6%)
[22:31:05] [SYSTEM] [INFO] [ROUTER] ✅ [Router] Complete. Total Stops: 5.
[22:31:05] [SYSTEM] [DEBUG] [OSM] Attempt 1: Fetching from overpass-api.de...
[22:31:10] [SYSTEM] [WARN] [OSM] ⚠️ Failed on https://overpass-api.de/api/interpreter: Request failed with status code 504
[22:31:10] [SYSTEM] [DEBUG] [OSM] Attempt 2: Fetching from api.openstreetmap.fr...
[22:31:10] [SYSTEM] [WARN] [OSM] ⚠️ Failed on https://api.openstreetmap.fr/oapi/interpreter: getaddrinfo ENOTFOUND api.openstreetmap.fr
[22:31:11] [cdc94917] [ERROR] [ENRICHER] Enrichment failed for ChIJ9d1pTI93NzoRoyZC9ZWzcKM: db is not defined
[22:31:11] [SYSTEM] [DEBUG] [OSM] Attempt 1: Fetching from overpass.kumi.systems...
[22:31:11] [SYSTEM] [DEBUG] [OSM] Attempt 1: Fetching from overpass.kumi.systems...
[22:31:13] [SYSTEM] [INFO] [OSM] ✅ Success: Found 0 amenities.
[22:31:16] [SYSTEM] [WARN] [OSM] ⚠️ Failed on https://overpass.kumi.systems/api/interpreter: timeout of 5000ms exceeded
[22:31:16] [SYSTEM] [DEBUG] [OSM] Attempt 2: Fetching from maps.mail.ru...
[22:31:17] [SYSTEM] [INFO] [OSM] ✅ Success: Found 32 amenities.
[22:31:18] [8b521ecf] [INFO] [API_GATEWAY] Incoming GET /api/station/amenities?stationId=ChIJu0iqmYfeNDoReflBI2KbFWI&lat=17.1115082&lng=79.6932652
[22:31:18] [ef92bafe] [INFO] [API_GATEWAY] Incoming GET /api/station/amenities?stationId=ChIJ9d1pTI93NzoRoyZC9ZWzcKM&lat=17.167473&lng=82.035036
[22:31:18] [ef92bafe] [DEBUG] [LAZY_LOAD] [Lazy Load] Fetching amenities for ChIJ9d1pTI93NzoRoyZC9ZWzcKM
[23:00:32] [575ee159] [INFO] [API_GATEWAY] Incoming GET /api/config
[23:00:33] [20dd7b23] [INFO] [API_GATEWAY] Incoming GET /api/vehicles
[23:00:35] [7671ca3b] [INFO] [API_GATEWAY] Incoming GET /api/support/faq
[23:00:38] [80408118] [INFO] [API_GATEWAY] Incoming GET /api/places/autocomplete?query=Hyd
[23:00:39] [7931f2ac] [INFO] [API_GATEWAY] Incoming GET /api/places/details?placeId=ChIJx9Lr6tqZyzsRwvu6koO3k64
[23:00:41] [0cb1f677] [INFO] [API_GATEWAY] Incoming GET /api/places/autocomplete?query=Viz
[23:00:42] [d2c37eac] [INFO] [API_GATEWAY] Incoming GET /api/places/autocomplete?query=Viza
[23:00:42] [e3720ac6] [INFO] [API_GATEWAY] Incoming GET /api/places/autocomplete?query=Vizag
[23:00:43] [d060fcb3] [INFO] [API_GATEWAY] Incoming GET /api/places/details?placeId=ChIJP5fmiRNDOToRaIRJlQPC2ZI
[23:00:47] [bc460f3a] [INFO] [API_GATEWAY] Incoming POST /api/plan-route
[23:00:47] [bc460f3a] [INFO] [ROUTE_PLAN] Route Request: Hyderabad -> Vizag
[23:00:48] [SYSTEM] [INFO] [AGGREGATOR] Analyzing 11 sectors (7-Day Cache Rule)...
[23:00:48] [SYSTEM] [DEBUG] [AGGREGATOR] Checking Freshness Sector 17.4065,78.47721
[23:00:48] [SYSTEM] [DEBUG] [AGGREGATOR] Checking Freshness Sector 17.23116,78.96614
[23:00:48] [SYSTEM] [DEBUG] [AGGREGATOR] Checking Freshness Sector 17.15758,79.45009
[23:00:48] [SYSTEM] [DEBUG] [AGGREGATOR] Checking Freshness Sector 17.01,79.9054
[23:00:48] [SYSTEM] [DEBUG] [AGGREGATOR] Checking Freshness Sector 16.75398,80.29737
[23:00:48] [SYSTEM] [DEBUG] [AGGREGATOR] Checking Freshness Sector 16.5746,80.76525
[23:00:48] [SYSTEM] [DEBUG] [AGGREGATOR] Checking Freshness Sector 16.76346,81.20613
[23:00:48] [SYSTEM] [DEBUG] [AGGREGATOR] Checking Freshness Sector 17.05483,81.58381
[23:00:48] [SYSTEM] [DEBUG] [AGGREGATOR] Checking Freshness Sector 17.17305,82.0567
[23:00:48] [SYSTEM] [DEBUG] [AGGREGATOR] Checking Freshness Sector 17.34287,82.51538
[23:00:48] [SYSTEM] [DEBUG] [AGGREGATOR] Checking Freshness Sector 17.6277,82.88813
[23:00:48] [SYSTEM] [INFO] [AGGREGATOR] Scan Complete. Fetched: 0 | Cached: 11
[23:00:48] [bc460f3a] [DEBUG] [ROUTE_PLAN] Calculating FAST & SLOW routes...
[23:00:48] [SYSTEM] [INFO] [ROUTER] [Router] STARTING SIMULATION (v10.7) - Strategy: FAST
[23:00:48] [SYSTEM] [DEBUG] [ROUTER] Scanning at 238km ahead...
[23:00:48] [SYSTEM] [INFO] [ROUTER] [Router] STARTING SIMULATION (v10.7) - Strategy: SLOW
[23:00:48] [SYSTEM] [DEBUG] [ROUTER] Scanning at 187km ahead...
[23:00:48] [SYSTEM] [DEBUG] [ROUTER] Scanning at 306km ahead...
[23:00:48] [SYSTEM] [DEBUG] [ROUTER] ✅ Reached Destination (Est: 67.6%)
[23:00:48] [SYSTEM] [INFO] [ROUTER] ✅ [Router] Complete. Total Stops: 4.
[23:00:48] [SYSTEM] [DEBUG] [ROUTER] Scanning at 255km ahead...
[23:00:48] [SYSTEM] [DEBUG] [ROUTER] ✅ Reached Destination (Est: 45.0%)
[23:00:48] [SYSTEM] [INFO] [ROUTER] ✅ [Router] Complete. Total Stops: 4.
[23:00:48] [SYSTEM] [DEBUG] [OSM] Attempt 1: Fetching from maps.mail.ru...
[23:00:50] [SYSTEM] [INFO] [OSM] ✅ Success: Found 0 amenities.
[23:00:50] [SYSTEM] [DEBUG] [OSM] Attempt 1: Fetching from overpass.kumi.systems...
[23:00:50] [SYSTEM] [DEBUG] [OSM] Attempt 1: Fetching from maps.mail.ru...
[23:00:50] [SYSTEM] [INFO] [OSM] ✅ Success: Found 0 amenities.
[23:00:55] [SYSTEM] [WARN] [OSM] ⚠️ Failed on https://overpass.kumi.systems/api/interpreter: timeout of 5000ms exceeded
[23:00:55] [SYSTEM] [DEBUG] [OSM] Attempt 2: Fetching from maps.mail.ru...
[23:00:55] [SYSTEM] [INFO] [OSM] ✅ Success: Found 0 amenities.
[23:00:55] [7f4d8215] [INFO] [API_GATEWAY] Incoming GET /api/station/amenities?stationId=ChIJ10Th8MqUNToRgAEai8MDi4I&lat=16.62331&lng=80.4524959
[23:00:55] [7f4d8215] [DEBUG] [LAZY_LOAD] [Lazy Load] Fetching amenities for ChIJ10Th8MqUNToRgAEai8MDi4I
[23:00:55] [4b9b3aaf] [INFO] [API_GATEWAY] Incoming GET /api/station/amenities?stationId=ChIJA1EsPb-dOToR3qVa_7NKN2Q&lat=17.6370283&lng=82.8972892
[23:07:10] [ea29f61e] [INFO] [API_GATEWAY] Incoming GET /api/config
[23:07:10] [d8d2f579] [INFO] [API_GATEWAY] Incoming GET /api/vehicles
[23:07:13] [5eb7266d] [INFO] [API_GATEWAY] Incoming GET /api/places/autocomplete?query=Hyd
[23:07:13] [8a41d18f] [INFO] [API_GATEWAY] Incoming GET /api/places/autocomplete?query=Hyde
[23:07:13] [7e686678] [INFO] [API_GATEWAY] Incoming GET /api/places/autocomplete?query=Hyder
[23:07:14] [2b3279cc] [INFO] [API_GATEWAY] Incoming GET /api/places/details?placeId=ChIJx9Lr6tqZyzsRwvu6koO3k64
[23:07:17] [25f1819d] [INFO] [API_GATEWAY] Incoming GET /api/places/autocomplete?query=Viz
[23:07:17] [a641cb75] [INFO] [API_GATEWAY] Incoming GET /api/places/autocomplete?query=Viza
[23:07:17] [d926e8d3] [INFO] [API_GATEWAY] Incoming GET /api/places/autocomplete?query=Vizag
[23:07:18] [a80f7437] [INFO] [API_GATEWAY] Incoming GET /api/places/details?placeId=ChIJP5fmiRNDOToRaIRJlQPC2ZI
[23:07:27] [c18395c4] [INFO] [API_GATEWAY] Incoming POST /api/plan-route
[23:07:27] [c18395c4] [INFO] [ROUTE_PLAN] Route Request: Hyderabad -> Vizag
[23:07:28] [SYSTEM] [INFO] [AGGREGATOR] Analyzing 11 sectors (7-Day Cache Rule)...
[23:07:28] [SYSTEM] [DEBUG] [AGGREGATOR] Checking Freshness Sector 17.4065,78.47721
[23:07:28] [SYSTEM] [DEBUG] [AGGREGATOR] Checking Freshness Sector 17.23116,78.96614
[23:07:28] [SYSTEM] [DEBUG] [AGGREGATOR] Checking Freshness Sector 17.15758,79.45009
[23:07:28] [SYSTEM] [DEBUG] [AGGREGATOR] Checking Freshness Sector 17.01,79.9054
[23:07:28] [SYSTEM] [DEBUG] [AGGREGATOR] Checking Freshness Sector 16.75398,80.29737
[23:07:28] [SYSTEM] [DEBUG] [AGGREGATOR] Checking Freshness Sector 16.5746,80.76525
[23:07:28] [SYSTEM] [DEBUG] [AGGREGATOR] Checking Freshness Sector 16.76346,81.20613
[23:07:28] [SYSTEM] [DEBUG] [AGGREGATOR] Checking Freshness Sector 17.05483,81.58381
[23:07:28] [SYSTEM] [DEBUG] [AGGREGATOR] Checking Freshness Sector 17.17305,82.0567
[23:07:28] [SYSTEM] [DEBUG] [AGGREGATOR] Checking Freshness Sector 17.34287,82.51538
[23:07:28] [SYSTEM] [DEBUG] [AGGREGATOR] Checking Freshness Sector 17.6277,82.88813
[23:07:28] [SYSTEM] [INFO] [AGGREGATOR] Scan Complete. Fetched: 0 | Cached: 11
[23:07:28] [c18395c4] [DEBUG] [ROUTE_PLAN] Calculating FAST & SLOW routes...
[23:07:28] [SYSTEM] [INFO] [ROUTER] [Router] STARTING SIMULATION (v10.7) - Strategy: FAST
[23:07:28] [SYSTEM] [DEBUG] [ROUTER] Scanning at 170km ahead...
[23:07:28] [SYSTEM] [INFO] [ROUTER] [Router] STARTING SIMULATION (v10.7) - Strategy: SLOW
[23:07:28] [SYSTEM] [DEBUG] [ROUTER] Scanning at 119km ahead...
[23:07:28] [SYSTEM] [DEBUG] [ROUTER] Scanning at 306km ahead...
[23:07:28] [SYSTEM] [DEBUG] [ROUTER] ❌ Failed: 5km Search
[23:07:28] [SYSTEM] [DEBUG] [ROUTER] ❌ Failed: 10km Search
[23:07:28] [SYSTEM] [DEBUG] [ROUTER] ✅ Reached Destination (Est: 51.4%)
[23:07:28] [SYSTEM] [INFO] [ROUTER] ✅ [Router] Complete. Total Stops: 4.
[23:07:28] [SYSTEM] [DEBUG] [ROUTER] Scanning at 255km ahead...
[23:07:28] [SYSTEM] [DEBUG] [ROUTER] Scanning at 255km ahead...
[23:07:28] [SYSTEM] [DEBUG] [ROUTER] ✅ Reached Destination (Est: 79.6%)
[23:07:28] [SYSTEM] [INFO] [ROUTER] ✅ [Router] Complete. Total Stops: 5.
[23:07:28] [SYSTEM] [DEBUG] [OSM] Attempt 1: Fetching from overpass.kumi.systems...
[23:07:33] [SYSTEM] [WARN] [OSM] ⚠️ Failed on https://overpass.kumi.systems/api/interpreter: timeout of 5000ms exceeded
[23:07:33] [SYSTEM] [DEBUG] [OSM] Attempt 2: Fetching from api.openstreetmap.fr...
[23:07:33] [SYSTEM] [WARN] [OSM] ⚠️ Failed on https://api.openstreetmap.fr/oapi/interpreter: getaddrinfo ENOTFOUND api.openstreetmap.fr
[23:07:33] [c18395c4] [ERROR] [ENRICHER] Enrichment failed for ChIJZb5Tm1_QNDoRMhhHbnJQazc: db is not defined
[23:07:34] [aec246a5] [INFO] [API_GATEWAY] Incoming GET /api/station/amenities?stationId=ChIJEZA6u7IDNToRHd0O6d1XZKQ&lat=16.994091&lng=79.975967
[23:07:34] [70acb151] [INFO] [API_GATEWAY] Incoming GET /api/station/amenities?stationId=ChIJi0pmHgDPOToRQmpmh3vjIPc&lat=17.3127647&lng=82.4526294
[23:59:15] [c399f54a] [INFO] [API_GATEWAY] Incoming POST /api/plan-route
[23:59:15] [c399f54a] [INFO] [ROUTE_PLAN] Route Request: Hyderabad -> Vizag
[23:59:16] [SYSTEM] [INFO] [AGGREGATOR] Analyzing 11 sectors (7-Day Cache Rule)...
[23:59:16] [SYSTEM] [DEBUG] [AGGREGATOR] Checking Freshness Sector 17.4065,78.47721
[23:59:16] [SYSTEM] [DEBUG] [AGGREGATOR] Checking Freshness Sector 17.23116,78.96614
[23:59:16] [SYSTEM] [DEBUG] [AGGREGATOR] Checking Freshness Sector 17.15758,79.45009
[23:59:16] [SYSTEM] [DEBUG] [AGGREGATOR] Checking Freshness Sector 17.01,79.9054
[23:59:16] [SYSTEM] [DEBUG] [AGGREGATOR] Checking Freshness Sector 16.75398,80.29737
[23:59:16] [SYSTEM] [DEBUG] [AGGREGATOR] Checking Freshness Sector 16.5746,80.76525
[23:59:16] [SYSTEM] [DEBUG] [AGGREGATOR] Checking Freshness Sector 16.76346,81.20613
[23:59:16] [SYSTEM] [DEBUG] [AGGREGATOR] Checking Freshness Sector 17.05483,81.58381
[23:59:16] [SYSTEM] [DEBUG] [AGGREGATOR] Checking Freshness Sector 17.17305,82.0567
[23:59:16] [SYSTEM] [DEBUG] [AGGREGATOR] Checking Freshness Sector 17.34287,82.51538
[23:59:16] [SYSTEM] [DEBUG] [AGGREGATOR] Checking Freshness Sector 17.6277,82.88813
[23:59:16] [SYSTEM] [INFO] [AGGREGATOR] Scan Complete. Fetched: 0 | Cached: 11
[23:59:16] [c399f54a] [DEBUG] [ROUTE_PLAN] Calculating FAST & SLOW routes...
[23:59:16] [SYSTEM] [INFO] [ROUTER] [Router] STARTING SIMULATION (v10.7) - Strategy: FAST
[23:59:16] [SYSTEM] [DEBUG] [ROUTER] Scanning at 170km ahead...
[23:59:16] [SYSTEM] [INFO] [ROUTER] [Router] STARTING SIMULATION (v10.7) - Strategy: SLOW
[23:59:16] [SYSTEM] [DEBUG] [ROUTER] Scanning at 119km ahead...
[23:59:16] [SYSTEM] [DEBUG] [ROUTER] Scanning at 306km ahead...
[23:59:16] [SYSTEM] [DEBUG] [ROUTER] ❌ Failed: 5km Search
[23:59:16] [SYSTEM] [DEBUG] [ROUTER] ❌ Failed: 10km Search
[23:59:16] [SYSTEM] [DEBUG] [ROUTER] ✅ Reached Destination (Est: 51.4%)
[23:59:16] [SYSTEM] [INFO] [ROUTER] ✅ [Router] Complete. Total Stops: 4.
[23:59:16] [SYSTEM] [DEBUG] [ROUTER] Scanning at 255km ahead...
[23:59:16] [SYSTEM] [DEBUG] [ROUTER] Scanning at 255km ahead...
[23:59:16] [SYSTEM] [DEBUG] [ROUTER] ✅ Reached Destination (Est: 79.6%)
[23:59:16] [SYSTEM] [INFO] [ROUTER] ✅ [Router] Complete. Total Stops: 5.
[23:59:16] [SYSTEM] [DEBUG] [OSM] Attempt 1: Fetching from overpass-api.de...
[23:59:19] [SYSTEM] [INFO] [OSM] ✅ Success: Found 0 amenities.
[23:59:19] [a9741b46] [INFO] [API_GATEWAY] Incoming GET /api/station/amenities?stationId=ChIJi0pmHgDPOToRQmpmh3vjIPc&lat=17.3127647&lng=82.4526294
[23:59:19] [5dab30ef] [INFO] [API_GATEWAY] Incoming GET /api/station/amenities?stationId=ChIJEZA6u7IDNToRHd0O6d1XZKQ&lat=16.994091&lng=79.975967
